---
source: tests/snapshot.rs
assertion_line: 52
expression: result
---
{
  "thread": null,
  "process": null,
  "total_samples": "[total]",
  "filter": null,
  "sort_by": "self",
  "functions": [
    {
      "rank": 1,
      "function": "0x450c",
      "module": "libsystem_kernel.dylib",
      "self_samples": "[n]",
      "self_pct": "[pct]",
      "total_samples": "[n]",
      "total_pct": "[pct]"
    },
    {
      "rank": 2,
      "function": "0x29f0",
      "module": "libsystem_kernel.dylib",
      "self_samples": "[n]",
      "self_pct": "[pct]",
      "total_samples": "[n]",
      "total_pct": "[pct]"
    },
    {
      "rank": 3,
      "function": "0x6fc4",
      "module": "libsystem_kernel.dylib",
      "self_samples": "[n]",
      "self_pct": "[pct]",
      "total_samples": "[n]",
      "total_pct": "[pct]"
    },
    {
      "rank": 4,
      "function": "0x1694",
      "module": "libsystem_kernel.dylib",
      "self_samples": "[n]",
      "self_pct": "[pct]",
      "total_samples": "[n]",
      "total_pct": "[pct]"
    },
    {
      "rank": 5,
      "function": "0x1b5954",
      "module": "rustfmt",
      "self_samples": "[n]",
      "self_pct": "[pct]",
      "total_samples": "[n]",
      "total_pct": "[pct]"
    },
    {
      "rank": 6,
      "function": "0x210398",
      "module": "rustfmt",
      "self_samples": "[n]",
      "self_pct": "[pct]",
      "total_samples": "[n]",
      "total_pct": "[pct]"
    },
    {
      "rank": 7,
      "function": "0x2e3a9d0",
      "module": "librustc_driver-eea6b8737cd03a8e.dylib",
      "self_samples": "[n]",
      "self_pct": "[pct]",
      "total_samples": "[n]",
      "total_pct": "[pct]"
    },
    {
      "rank": 8,
      "function": "0x4600",
      "module": "libdispatch.dylib",
      "self_samples": "[n]",
      "self_pct": "[pct]",
      "total_samples": "[n]",
      "total_pct": "[pct]"
    },
    {
      "rank": 9,
      "function": "0x4dd62fc",
      "module": "librustc_driver-eea6b8737cd03a8e.dylib",
      "self_samples": "[n]",
      "self_pct": "[pct]",
      "total_samples": "[n]",
      "total_pct": "[pct]"
    },
    {
      "rank": 10,
      "function": "0x74f1c",
      "module": "dyld",
      "self_samples": "[n]",
      "self_pct": "[pct]",
      "total_samples": "[n]",
      "total_pct": "[pct]"
    },
    {
      "rank": 11,
      "function": "0xc34",
      "module": "libsystem_kernel.dylib",
      "self_samples": "[n]",
      "self_pct": "[pct]",
      "total_samples": "[n]",
      "total_pct": "[pct]"
    },
    {
      "rank": 12,
      "function": "0xc884",
      "module": "libsystem_kernel.dylib",
      "self_samples": "[n]",
      "self_pct": "[pct]",
      "total_samples": "[n]",
      "total_pct": "[pct]"
    },
    {
      "rank": 13,
      "function": "0xd50d8",
      "module": "rustfmt",
      "self_samples": "[n]",
      "self_pct": "[pct]",
      "total_samples": "[n]",
      "total_pct": "[pct]"
    },
    {
      "rank": 14,
      "function": "0xddd0",
      "module": "libsystem_kernel.dylib",
      "self_samples": "[n]",
      "self_pct": "[pct]",
      "total_samples": "[n]",
      "total_pct": "[pct]"
    },
    {
      "rank": 15,
      "function": "0x10ab1b",
      "module": "rustfmt",
      "self_samples": "[n]",
      "self_pct": "[pct]",
      "total_samples": "[n]",
      "total_pct": "[pct]"
    },
    {
      "rank": 16,
      "function": "0x10abaf",
      "module": "rustfmt",
      "self_samples": "[n]",
      "self_pct": "[pct]",
      "total_samples": "[n]",
      "total_pct": "[pct]"
    },
    {
      "rank": 17,
      "function": "0x1277f",
      "module": "rustfmt",
      "self_samples": "[n]",
      "self_pct": "[pct]",
      "total_samples": "[n]",
      "total_pct": "[pct]"
    },
    {
      "rank": 18,
      "function": "0x13573",
      "module": "libsystem_kernel.dylib",
      "self_samples": "[n]",
      "self_pct": "[pct]",
      "total_samples": "[n]",
      "total_pct": "[pct]"
    },
    {
      "rank": 19,
      "function": "0x14d7f",
      "module": "libcurl.4.dylib",
      "self_samples": "[n]",
      "self_pct": "[pct]",
      "total_samples": "[n]",
      "total_pct": "[pct]"
    },
    {
      "rank": 20,
      "function": "0x14e53",
      "module": "libcurl.4.dylib",
      "self_samples": "[n]",
      "self_pct": "[pct]",
      "total_samples": "[n]",
      "total_pct": "[pct]"
    },
    {
      "rank": 21,
      "function": "0x16ee63",
      "module": "rustfmt",
      "self_samples": "[n]",
      "self_pct": "[pct]",
      "total_samples": "[n]",
      "total_pct": "[pct]"
    },
    {
      "rank": 22,
      "function": "0x1712b7",
      "module": "CoreFoundation",
      "self_samples": "[n]",
      "self_pct": "[pct]",
      "total_samples": "[n]",
      "total_pct": "[pct]"
    },
    {
      "rank": 23,
      "function": "0x1a2a83",
      "module": "rustfmt",
      "self_samples": "[n]",
      "self_pct": "[pct]",
      "total_samples": "[n]",
      "total_pct": "[pct]"
    },
    {
      "rank": 24,
      "function": "0x1b11a3",
      "module": "rustfmt",
      "self_samples": "[n]",
      "self_pct": "[pct]",
      "total_samples": "[n]",
      "total_pct": "[pct]"
    },
    {
      "rank": 25,
      "function": "0x1b4623",
      "module": "CoreFoundation",
      "self_samples": "[n]",
      "self_pct": "[pct]",
      "total_samples": "[n]",
      "total_pct": "[pct]"
    },
    {
      "rank": 26,
      "function": "0x1b48cf",
      "module": "CoreFoundation",
      "self_samples": "[n]",
      "self_pct": "[pct]",
      "total_samples": "[n]",
      "total_pct": "[pct]"
    },
    {
      "rank": 27,
      "function": "0x1ba74f",
      "module": "rustfmt",
      "self_samples": "[n]",
      "self_pct": "[pct]",
      "total_samples": "[n]",
      "total_pct": "[pct]"
    },
    {
      "rank": 28,
      "function": "0x1c7b",
      "module": "libsystem_info.dylib",
      "self_samples": "[n]",
      "self_pct": "[pct]",
      "total_samples": "[n]",
      "total_pct": "[pct]"
    },
    {
      "rank": 29,
      "function": "0x1e6833",
      "module": "rustfmt",
      "self_samples": "[n]",
      "self_pct": "[pct]",
      "total_samples": "[n]",
      "total_pct": "[pct]"
    },
    {
      "rank": 30,
      "function": "0x1e8f2b",
      "module": "rustfmt",
      "self_samples": "[n]",
      "self_pct": "[pct]",
      "total_samples": "[n]",
      "total_pct": "[pct]"
    }
  ]
}
